
> onpointdoc@0.1.0 build
> next build

▲ Next.js 16.1.0 (Turbopack)
- Environments: .env.local
- Experiments (use with caution):
  · optimizePackageImports
  · serverActions

  Creating an optimized production build ...
✓ Compiled successfully in 23.3s
  Running TypeScript ...
Failed to compile.

./src/components/tickets/bulk-reassign-dialog.tsx:62:44
Type error: Argument of type '(profile: BasicProfile) => { value: string; label: string; }' is not assignable to parameter of type '(value: Profile, index: number, array: Profile[]) => { value: string; label: string; }'.
  Types of parameters 'profile' and 'value' are incompatible.
    Property 'company_name' is missing in type 'Profile' but required in type 'BasicProfile'.

[0m [90m 60 |[39m
 [90m 61 |[39m   [90m// Préparer les options pour le Combobox[39m
[31m[1m>[22m[39m[90m 62 |[39m   [36mconst[39m userOptions [33m=[39m (profiles [33m||[39m [])[33m.[39mmap((profile[33m:[39m [33mBasicProfile[39m) [33m=>[39m ({
 [90m    |[39m                                            [31m[1m^[22m[39m
 [90m 63 |[39m     value[33m:[39m profile[33m.[39mid[33m,[39m
 [90m 64 |[39m     label[33m:[39m profile[33m.[39mfull_name [33m||[39m profile[33m.[39memail [33m||[39m [32m'Sans nom'[39m
 [90m 65 |[39m   }))[33m;[39m[0m
Next.js build worker exited with code: 1 and signal: null
